
> genlayer-agent-marketplace@0.1.0 dev:evaluator
> npm --workspace apps/evaluator run dev


> evaluator@0.1.0 dev
> tsx watch src/server.ts

evaluator listening on 4030
23:53:45 [tsx] change in ./src\adapters\assistedScorer.ts Restarting...
cevaluator listening on 4030
23:53:53 [tsx] change in ./src\adapters\userReviewAdapter.ts Restarting...
cevaluator listening on 4030
23:55:13 [tsx] change in ./src\aggregation\weightedAggregator.ts Restarting...
cevaluator listening on 4030
23:55:48 [tsx] change in ./src\services\evaluationService.ts Restarting...
cevaluator listening on 4030
23:55:57 [tsx] change in ./src\adapters\futureConsensusAdapter.ts Restarting...
cevaluator listening on 4030
00:01:42 [tsx] change in ./..\..\packages\shared\dist\schemas.js Restarting...
c00:01:42 [tsx] change in ./..\..\packages\shared\dist\api.js Restarting...
c00:01:42 [tsx] change in ./..\..\packages\shared\dist\api.js Restarting...
c00:01:43 [tsx] change in ./..\..\packages\shared\dist\index.js Restarting...
c00:01:44 [tsx] change in ./..\..\packages\shared\dist\enums.js Restarting...
c00:01:45 [tsx] change in ./..\..\packages\shared\dist\schemas.js Restarting...
cevaluator listening on 4030
00:02:27 [tsx] change in ./..\..\packages\shared\dist\api.js Restarting...
c00:02:28 [tsx] change in ./..\..\packages\shared\dist\index.js Restarting...
cevaluator listening on 4030
00:06:53 [tsx] change in ./..\..\packages\shared\dist\schemas.js Restarting...
c00:06:53 [tsx] change in ./..\..\packages\shared\dist\api.js Restarting...
c00:06:53 [tsx] change in ./..\..\packages\shared\dist\api.js Restarting...
c00:06:54 [tsx] change in ./..\..\packages\shared\dist\index.js Restarting...
c00:06:54 [tsx] change in ./..\..\packages\shared\dist\helpers.js Restarting...
cevaluator listening on 4030
13:00:45 [tsx] change in ./..\..\packages\shared\dist\schemas.js Restarting...
cevaluator listening on 4030
