[genlayer-js] initializeConsensusSmartContract() is deprecated and will be removed in a future release. The consensus contract is now resolved from the static chain definition.
Error fetching gen_call from GenLayer RPC
[genlayer-js] initializeConsensusSmartContract() is deprecated and will be removed in a future release. The consensus contract is now resolved from the static chain definition.
Error fetching gen_call from GenLayer RPC
[genlayer-js] initializeConsensusSmartContract() is deprecated and will be removed in a future release. The consensus contract is now resolved from the static chain definition.
Error fetching gen_call from GenLayer RPC
[genlayer-js] initializeConsensusSmartContract() is deprecated and will be removed in a future release. The consensus contract is now resolved from the static chain definition.
Error fetching gen_call from GenLayer RPC
[genlayer-js] initializeConsensusSmartContract() is deprecated and will be removed in a future release. The consensus contract is now resolved from the static chain definition.
Error fetching gen_call from GenLayer RPC
[genlayer-js] initializeConsensusSmartContract() is deprecated and will be removed in a future release. The consensus contract is now resolved from the static chain definition.
Error fetching gen_call from GenLayer RPC
[genlayer-js] initializeConsensusSmartContract() is deprecated and will be removed in a future release. The consensus contract is now resolved from the static chain definition.
[genlayer-js] initializeConsensusSmartContract() is deprecated and will be removed in a future release. The consensus contract is now resolved from the static chain definition.
[genlayer-js] initializeConsensusSmartContract() is deprecated and will be removed in a future release. The consensus contract is now resolved from the static chain definition.
[genlayer-js] initializeConsensusSmartContract() is deprecated and will be removed in a future release. The consensus contract is now resolved from the static chain definition.
Error fetching gen_call from GenLayer RPC
[genlayer-js] initializeConsensusSmartContract() is deprecated and will be removed in a future release. The consensus contract is now resolved from the static chain definition.
Error fetching gen_call from GenLayer RPC
[genlayer-js] initializeConsensusSmartContract() is deprecated and will be removed in a future release. The consensus contract is now resolved from the static chain definition.
Error fetching gen_call from GenLayer RPC
[genlayer-js] initializeConsensusSmartContract() is deprecated and will be removed in a future release. The consensus contract is now resolved from the static chain definition.
Error fetching gen_call from GenLayer RPC
[genlayer-js] initializeConsensusSmartContract() is deprecated and will be removed in a future release. The consensus contract is now resolved from the static chain definition.
Error fetching gen_call from GenLayer RPC
[genlayer-js] initializeConsensusSmartContract() is deprecated and will be removed in a future release. The consensus contract is now resolved from the static chain definition.
Error fetching gen_call from GenLayer RPC
[genlayer-js] initializeConsensusSmartContract() is deprecated and will be removed in a future release. The consensus contract is now resolved from the static chain definition.
Error fetching gen_call from GenLayer RPC
[genlayer-js] initializeConsensusSmartContract() is deprecated and will be removed in a future release. The consensus contract is now resolved from the static chain definition.
Error fetching gen_call from GenLayer RPC
[genlayer-js] initializeConsensusSmartContract() is deprecated and will be removed in a future release. The consensus contract is now resolved from the static chain definition.
Error fetching gen_call from GenLayer RPC
[genlayer-js] initializeConsensusSmartContract() is deprecated and will be removed in a future release. The consensus contract is now resolved from the static chain definition.
Error fetching gen_call from GenLayer RPC
[genlayer-js] initializeConsensusSmartContract() is deprecated and will be removed in a future release. The consensus contract is now resolved from the static chain definition.
Error fetching gen_call from GenLayer RPC
[genlayer-js] initializeConsensusSmartContract() is deprecated and will be removed in a future release. The consensus contract is now resolved from the static chain definition.
Error fetching gen_call from GenLayer RPC
[genlayer-js] initializeConsensusSmartContract() is deprecated and will be removed in a future release. The consensus contract is now resolved from the static chain definition.
Error fetching gen_call from GenLayer RPC
[genlayer-js] initializeConsensusSmartContract() is deprecated and will be removed in a future release. The consensus contract is now resolved from the static chain definition.
Error fetching gen_call from GenLayer RPC
[genlayer-js] initializeConsensusSmartContract() is deprecated and will be removed in a future release. The consensus contract is now resolved from the static chain definition.
Error fetching gen_call from GenLayer RPC
[genlayer-js] initializeConsensusSmartContract() is deprecated and will be removed in a future release. The consensus contract is now resolved from the static chain definition.
Error fetching gen_call from GenLayer RPC
[genlayer-js] initializeConsensusSmartContract() is deprecated and will be removed in a future release. The consensus contract is now resolved from the static chain definition.
Error fetching gen_call from GenLayer RPC
[genlayer-js] initializeConsensusSmartContract() is deprecated and will be removed in a future release. The consensus contract is now resolved from the static chain definition.
Error fetching gen_call from GenLayer RPC
[genlayer-js] initializeConsensusSmartContract() is deprecated and will be removed in a future release. The consensus contract is now resolved from the static chain definition.
Error fetching gen_call from GenLayer RPC
[genlayer-js] initializeConsensusSmartContract() is deprecated and will be removed in a future release. The consensus contract is now resolved from the static chain definition.
Error fetching gen_call from GenLayer RPC
[genlayer-js] initializeConsensusSmartContract() is deprecated and will be removed in a future release. The consensus contract is now resolved from the static chain definition.
Error fetching gen_call from GenLayer RPC
Error fetching gen_call from GenLayer RPC
[genlayer-js] initializeConsensusSmartContract() is deprecated and will be removed in a future release. The consensus contract is now resolved from the static chain definition.
[genlayer-js] initializeConsensusSmartContract() is deprecated and will be removed in a future release. The consensus contract is now resolved from the static chain definition.
Error fetching gen_call from GenLayer RPC
[genlayer-js] initializeConsensusSmartContract() is deprecated and will be removed in a future release. The consensus contract is now resolved from the static chain definition.
Error fetching gen_call from GenLayer RPC
[genlayer-js] initializeConsensusSmartContract() is deprecated and will be removed in a future release. The consensus contract is now resolved from the static chain definition.
Error fetching gen_call from GenLayer RPC
Error fetching gen_call from GenLayer RPC
[genlayer-js] initializeConsensusSmartContract() is deprecated and will be removed in a future release. The consensus contract is now resolved from the static chain definition.
Error fetching gen_call from GenLayer RPC
[genlayer-js] initializeConsensusSmartContract() is deprecated and will be removed in a future release. The consensus contract is now resolved from the static chain definition.
Error fetching gen_call from GenLayer RPC
[genlayer-js] initializeConsensusSmartContract() is deprecated and will be removed in a future release. The consensus contract is now resolved from the static chain definition.
Error fetching gen_call from GenLayer RPC
[genlayer-js] initializeConsensusSmartContract() is deprecated and will be removed in a future release. The consensus contract is now resolved from the static chain definition.
Error fetching gen_call from GenLayer RPC
[genlayer-js] initializeConsensusSmartContract() is deprecated and will be removed in a future release. The consensus contract is now resolved from the static chain definition.
Error fetching gen_call from GenLayer RPC
[genlayer-js] initializeConsensusSmartContract() is deprecated and will be removed in a future release. The consensus contract is now resolved from the static chain definition.
[genlayer-js] initializeConsensusSmartContract() is deprecated and will be removed in a future release. The consensus contract is now resolved from the static chain definition.
Error fetching gen_call from GenLayer RPC
[genlayer-js] initializeConsensusSmartContract() is deprecated and will be removed in a future release. The consensus contract is now resolved from the static chain definition.
Error fetching gen_call from GenLayer RPC
[genlayer-js] initializeConsensusSmartContract() is deprecated and will be removed in a future release. The consensus contract is now resolved from the static chain definition.
Error fetching gen_call from GenLayer RPC
[genlayer-js] initializeConsensusSmartContract() is deprecated and will be removed in a future release. The consensus contract is now resolved from the static chain definition.
Error fetching gen_call from GenLayer RPC
[genlayer-js] initializeConsensusSmartContract() is deprecated and will be removed in a future release. The consensus contract is now resolved from the static chain definition.
Error fetching gen_call from GenLayer RPC
Error fetching gen_call from GenLayer RPC
Error fetching gen_call from GenLayer RPC
Error fetching gen_call from GenLayer RPC
[genlayer-js] initializeConsensusSmartContract() is deprecated and will be removed in a future release. The consensus contract is now resolved from the static chain definition.
Error fetching gen_call from GenLayer RPC
[genlayer-js] initializeConsensusSmartContract() is deprecated and will be removed in a future release. The consensus contract is now resolved from the static chain definition.
Error fetching gen_call from GenLayer RPC
[genlayer-js] initializeConsensusSmartContract() is deprecated and will be removed in a future release. The consensus contract is now resolved from the static chain definition.
Error fetching gen_call from GenLayer RPC
[genlayer-js] initializeConsensusSmartContract() is deprecated and will be removed in a future release. The consensus contract is now resolved from the static chain definition.
[genlayer-js] initializeConsensusSmartContract() is deprecated and will be removed in a future release. The consensus contract is now resolved from the static chain definition.
[genlayer-js] initializeConsensusSmartContract() is deprecated and will be removed in a future release. The consensus contract is now resolved from the static chain definition.
Error fetching gen_call from GenLayer RPC
Error fetching gen_call from GenLayer RPC
[genlayer-js] initializeConsensusSmartContract() is deprecated and will be removed in a future release. The consensus contract is now resolved from the static chain definition.
Error fetching gen_call from GenLayer RPC
[genlayer-js] initializeConsensusSmartContract() is deprecated and will be removed in a future release. The consensus contract is now resolved from the static chain definition.
[genlayer-js] initializeConsensusSmartContract() is deprecated and will be removed in a future release. The consensus contract is now resolved from the static chain definition.
[genlayer-js] initializeConsensusSmartContract() is deprecated and will be removed in a future release. The consensus contract is now resolved from the static chain definition.
Error fetching gen_call from GenLayer RPC
Error fetching gen_call from GenLayer RPC
Error fetching gen_call from GenLayer RPC
[genlayer-js] initializeConsensusSmartContract() is deprecated and will be removed in a future release. The consensus contract is now resolved from the static chain definition.
Error fetching gen_call from GenLayer RPC
[genlayer-js] initializeConsensusSmartContract() is deprecated and will be removed in a future release. The consensus contract is now resolved from the static chain definition.
Error fetching gen_call from GenLayer RPC
[genlayer-js] initializeConsensusSmartContract() is deprecated and will be removed in a future release. The consensus contract is now resolved from the static chain definition.
Error fetching gen_call from GenLayer RPC
[genlayer-js] initializeConsensusSmartContract() is deprecated and will be removed in a future release. The consensus contract is now resolved from the static chain definition.
[genlayer-js] initializeConsensusSmartContract() is deprecated and will be removed in a future release. The consensus contract is now resolved from the static chain definition.
Error fetching gen_call from GenLayer RPC
Error fetching gen_call from GenLayer RPC
[genlayer-js] initializeConsensusSmartContract() is deprecated and will be removed in a future release. The consensus contract is now resolved from the static chain definition.
[genlayer-js] initializeConsensusSmartContract() is deprecated and will be removed in a future release. The consensus contract is now resolved from the static chain definition.
Error fetching gen_call from GenLayer RPC
Error fetching gen_call from GenLayer RPC
[genlayer-js] initializeConsensusSmartContract() is deprecated and will be removed in a future release. The consensus contract is now resolved from the static chain definition.
Error fetching gen_call from GenLayer RPC
[genlayer-js] initializeConsensusSmartContract() is deprecated and will be removed in a future release. The consensus contract is now resolved from the static chain definition.
[genlayer-js] initializeConsensusSmartContract() is deprecated and will be removed in a future release. The consensus contract is now resolved from the static chain definition.
Error fetching gen_call from GenLayer RPC
Error fetching gen_call from GenLayer RPC
[genlayer-js] initializeConsensusSmartContract() is deprecated and will be removed in a future release. The consensus contract is now resolved from the static chain definition.
Error fetching gen_call from GenLayer RPC
[genlayer-js] initializeConsensusSmartContract() is deprecated and will be removed in a future release. The consensus contract is now resolved from the static chain definition.
Error fetching gen_call from GenLayer RPC
[genlayer-js] initializeConsensusSmartContract() is deprecated and will be removed in a future release. The consensus contract is now resolved from the static chain definition.
Error fetching gen_call from GenLayer RPC
[genlayer-js] initializeConsensusSmartContract() is deprecated and will be removed in a future release. The consensus contract is now resolved from the static chain definition.
Error fetching gen_call from GenLayer RPC
[genlayer-js] initializeConsensusSmartContract() is deprecated and will be removed in a future release. The consensus contract is now resolved from the static chain definition.
Error fetching gen_call from GenLayer RPC
[genlayer-js] initializeConsensusSmartContract() is deprecated and will be removed in a future release. The consensus contract is now resolved from the static chain definition.
Error fetching gen_call from GenLayer RPC
[genlayer-js] initializeConsensusSmartContract() is deprecated and will be removed in a future release. The consensus contract is now resolved from the static chain definition.
Error fetching gen_call from GenLayer RPC
[genlayer-js] initializeConsensusSmartContract() is deprecated and will be removed in a future release. The consensus contract is now resolved from the static chain definition.
Error fetching gen_call from GenLayer RPC
ZodError: [
  {
    "code": "too_big",
    "maximum": 1,
    "type": "number",
    "inclusive": true,
    "exact": false,
    "message": "Number must be less than or equal to 1",
    "path": [
      "items",
      5,
      "performanceSummary",
      "approvalRate"
    ]
  }
]
    at get error [as error] (file:///C:/Users/dtwof/Desktop/genlayer/New%20folder/node_modules/zod/v3/types.js:39:31)
    at ZodObject.parse (file:///C:/Users/dtwof/Desktop/genlayer/New%20folder/node_modules/zod/v3/types.js:114:22)
    at <anonymous> (c:\Users\dtwof\Desktop\genlayer\New folder\apps\router\src\routes\agentRegistryRoutes.ts:137:47)
    at Layer.handle [as handle_request] (C:\Users\dtwof\Desktop\genlayer\New folder\node_modules\express\lib\router\layer.js:95:5)
    at next (C:\Users\dtwof\Desktop\genlayer\New folder\node_modules\express\lib\router\route.js:149:13)
    at Route.dispatch (C:\Users\dtwof\Desktop\genlayer\New folder\node_modules\express\lib\router\route.js:119:3)
    at Layer.handle [as handle_request] (C:\Users\dtwof\Desktop\genlayer\New folder\node_modules\express\lib\router\layer.js:95:5)
    at C:\Users\dtwof\Desktop\genlayer\New folder\node_modules\express\lib\router\index.js:284:15
    at Function.process_params (C:\Users\dtwof\Desktop\genlayer\New folder\node_modules\express\lib\router\index.js:346:12)
    at next (C:\Users\dtwof\Desktop\genlayer\New folder\node_modules\express\lib\router\index.js:280:10)
[genlayer-js] initializeConsensusSmartContract() is deprecated and will be removed in a future release. The consensus contract is now resolved from the static chain definition.
Error fetching gen_call from GenLayer RPC
[genlayer-js] initializeConsensusSmartContract() is deprecated and will be removed in a future release. The consensus contract is now resolved from the static chain definition.
Error fetching gen_call from GenLayer RPC
[genlayer-js] initializeConsensusSmartContract() is deprecated and will be removed in a future release. The consensus contract is now resolved from the static chain definition.
Error fetching gen_call from GenLayer RPC
[genlayer-js] initializeConsensusSmartContract() is deprecated and will be removed in a future release. The consensus contract is now resolved from the static chain definition.
Error fetching gen_call from GenLayer RPC
[genlayer-js] initializeConsensusSmartContract() is deprecated and will be removed in a future release. The consensus contract is now resolved from the static chain definition.
Error fetching gen_call from GenLayer RPC
[genlayer-js] initializeConsensusSmartContract() is deprecated and will be removed in a future release. The consensus contract is now resolved from the static chain definition.
Error fetching gen_call from GenLayer RPC
[genlayer-js] initializeConsensusSmartContract() is deprecated and will be removed in a future release. The consensus contract is now resolved from the static chain definition.
Error fetching gen_call from GenLayer RPC
file:///C:/Users/dtwof/Desktop/genlayer/New%20folder/apps/router/src/routes/taskMarketRoutes.ts:1
var __defProp=Object.defineProperty;var __name=(target,value)=>__defProp(target,"name",{value,configurable:true});import express from"express";import{appealOpenRequestSchema,taskActionRequestSchema,taskCreateRequestSchema,userReviewDecisionSchema}from"@marketplace/shared";import{z}from"zod";const reviewSubmissionSchema=z.object({actorWallet:z.string().min(3),submissionId:z.string().min(1)});const hybridConfirmSchema=z.object({actorWallet:z.string().min(3),evaluationId:z.string().min(1),confirmDecision:z.enum(["approve","reject"]),feedback:z.string().max(500).nullable().optional()});const browserTraceSchema=z.object({createTxHash:z.string().min(1).nullable().optional(),fundTxHash:z.string().min(1).nullable().optional(),assignTxHash:z.string().min(1).nullable().optional()});function createTaskMarketRoutes(service,chainService){const router=express.Router();router.post("/tasks",(req,res)=>{try{const payload=taskCreateRequestSchema.parse(req.body);const result=service.createTask(payload);res.status(201).json(result)}catch(error){res.status(400).json({error:error instanceof Error?error.message:"Task creation failed"})}});router.post("/tasks/draft",(req,res)=>{try{const payload=taskCreateRequestSchema.parse(req.body);const result=service.createTaskDraft(payload);res.status(201).json(result)}catch(error){res.status(400).json({error:error instanceof Error?error.message:"Task draft creation failed"})}});router.post("/tasks/:taskId/browser-trace",(req,res)=>{try{const payload=browserTraceSchema.parse(req.body);res.json({task:service.recordBrowserTxTrace(req.params.taskId,payload)})}catch(error){res.status(400).json({error:error instanceof Error?error.message:"Browser trace capture failed"})}});router.get("/tasks",async(req,res)=>{try{const viewerWallet=typeof req.query.viewerWallet==="string"?req.query.viewerWallet:"";const list=service.listTasks(viewerWallet);if(chainService?.taskEscrowAddress){const pendingTaskIds=[...list.myPostedTasks,...list.activeTasks,...list.allOpenTasks].map(task=>task.taskId).filter((taskId,index,array)=>array.indexOf(taskId)===index);for(const taskId of pendingTaskIds){try{const task=service.getTask(taskId);if(!["pending_wallet","pending_chain"].includes(task.transactionState))continue;if(task.latestFundTxHash||task.latestAssignTxHash){try{const fundReceipt=task.latestFundTxHash?await chainService.getExternalReceipt(task.latestFundTxHash):null;const assignReceipt=task.latestAssignTxHash?await chainService.getExternalReceipt(task.latestAssignTxHash):null;const fundOk=chainService.isExternalReceiptSuccessful(fundReceipt);const assignOk=chainService.isExternalReceiptSuccessful(assignReceipt);if(fundOk||assignOk){service.reconcileTaskFromExternalReceipts(taskId,{fundingConfirmed:fundOk,assignmentConfirmed:assignOk});continue}}catch{}service.reconcileTaskFromCapturedTrace(taskId)}}catch{}}}res.json(service.listTasks(viewerWallet))}catch(error){res.status(400).json({error:error instanceof Error?error.message:"Task listing failed"})}});router.get("/tasks/:taskId",async(req,res)=>{try{if(chainService?.taskEscrowAddress){try{const task=service.getTask(req.params.taskId);if(["pending_wallet","pending_chain"].includes(task.transactionState)){if(task.latestFundTxHash||task.latestAssignTxHash){try{const fundReceipt=task.latestFundTxHash?await chainService.getExternalReceipt(task.latestFundTxHash):null;const assignReceipt=task.latestAssignTxHash?await chainService.getExternalReceipt(task.latestAssignTxHash):null;const fundOk=chainService.isExternalReceiptSuccessful(fundReceipt);const assignOk=chainService.isExternalReceiptSuccessful(assignReceipt);if(fundOk||assignOk){service.reconcileTaskFromExternalReceipts(req.params.taskId,{fundingConfirmed:fundOk,assignmentConfirmed:assignOk})}else{const onchainTask=await Promise.race([chainService.readTask(req.params.taskId),new Promise((_,reject)=>setTimeout(()=>reject(new Error("Onchain read timed out")),1500))]);service.reconcileTaskFromOnchain(req.params.taskId,onchainTask,`${chainService.taskEscrowAddress}:${req.params.taskId}`)}}catch{service.reconcileTaskFromCapturedTrace(req.params.taskId)}}else{service.reconcileTaskFromCapturedTrace(req.params.taskId)}}}catch{}}res.json(service.getTask(req.params.taskId))}catch(error){res.status(404).json({error:error instanceof Error?error.message:"Task not found"})}});router.post("/tasks/:taskId/accept",async(req,res)=>{try{const payload=taskActionRequestSchema.parse(req.body);res.json(await service.acceptTask(req.params.taskId,payload.actorWallet))}catch(error){res.status(400).json({error:error instanceof Error?error.message:"Accept failed"})}});router.post("/tasks/:taskId/approve",async(req,res)=>{try{const payload=taskActionRequestSchema.parse(req.body);res.json(await service.approveTask(req.params.taskId,payload.actorWallet))}catch(error){res.status(400).json({error:error instanceof Error?error.message:"Approve failed"})}});router.post("/tasks/:taskId/reject",async(req,res)=>{try{const payload=taskActionRequestSchema.parse(req.body);res.json(await service.rejectTask(req.params.taskId,payload.actorWallet))}catch(error){res.status(400).json({error:error instanceof Error?error.message:"Reject failed"})}});router.post("/tasks/:taskId/cancel",async(req,res)=>{try{const payload=taskActionRequestSchema.parse(req.body);res.json(await service.cancelTask(req.params.taskId,payload.actorWallet))}catch(error){res.status(400).json({error:error instanceof Error?error.message:"Cancel failed"})}});router.post("/tasks/:taskId/dispute",(_req,res)=>{res.status(410).json({error:"This endpoint moved. Use /api/settlements/tasks/:taskId/dispute."})});router.post("/tasks/:taskId/improve-again",async(req,res)=>{try{const payload=taskActionRequestSchema.parse(req.body);res.json(await service.requestImproveAgain(req.params.taskId,payload.actorWallet))}catch(error){res.status(400).json({error:error instanceof Error?error.message:"Improve Again failed"})}});router.post("/tasks/:taskId/appeal",async(req,res)=>{try{const payload=appealOpenRequestSchema.parse(req.body);res.json(await service.appealTask(req.params.taskId,payload.actorWallet,payload.reason))}catch(error){res.status(400).json({error:error instanceof Error?error.message:"Appeal failed"})}});router.post("/tasks/:taskId/settle",(_req,res)=>{res.status(410).json({error:"This endpoint moved. Use /api/settlements/tasks/:taskId/settle."})});router.post("/tasks/:taskId/refund",(_req,res)=>{res.status(410).json({error:"This endpoint moved. Use /api/settlements/tasks/:taskId/refund."})});router.post("/tasks/:taskId/review/user",async(req,res)=>{try{const review=userReviewDecisionSchema.parse(req.body);res.json(await service.reviewWithUser(req.params.taskId,review.submissionId,review))}catch(error){res.status(400).json({error:error instanceof Error?error.message:"User review failed"})}});router.post("/tasks/:taskId/review/assisted",async(req,res)=>{try{const payload=reviewSubmissionSchema.parse(req.body);res.json(await service.reviewAssisted(req.params.taskId,payload.actorWallet,payload.submissionId))}catch(error){res.status(400).json({error:error instanceof Error?error.message:"Assisted review failed"})}});router.post("/tasks/:taskId/review/hybrid",async(req,res)=>{try{const payload=reviewSubmissionSchema.parse(req.body);res.json(await service.reviewHybrid(req.params.taskId,payload.actorWallet,payload.submissionId))}catch(error){res.status(400).json({error:error instanceof Error?error.message:"Hybrid review failed"})}});router.post("/tasks/:taskId/review/hybrid/confirm",async(req,res)=>{try{const payload=hybridConfirmSchema.parse(req.body);res.json(await service.confirmHybrid(req.params.taskId,payload.actorWallet,payload.evaluationId,payload.confirmDecision,payload.feedback??null))}catch(error){res.status(400).json({error:error instanceof Error?error.message:"Hybrid confirmation failed"})}});return router}__name(createTaskMarketRoutes,"createTaskMarketRoutes");export{createTaskMarketRoutes};
                                                                                                                                                      ^^^^^^^^^^^^^^^^^^^^^^^
SyntaxError: The requested module '@marketplace/shared' does not provide an export named 'appealOpenRequestSchema'
    at ModuleJob._instantiate (node:internal/modules/esm/module_job:132:21)
    at async ModuleJob.run (node:internal/modules/esm/module_job:214:5)
    at async ModuleLoader.import (node:internal/modules/esm/loader:329:24)
    at async loadESM (node:internal/process/esm_loader:28:7)
    at async handleMainPromise (node:internal/modules/run_main:113:12)

Node.js v20.11.0
file:///C:/Users/dtwof/Desktop/genlayer/New%20folder/apps/router/src/routes/taskMarketRoutes.ts:1
var __defProp=Object.defineProperty;var __name=(target,value)=>__defProp(target,"name",{value,configurable:true});import express from"express";import{appealOpenRequestSchema,taskActionRequestSchema,taskCreateRequestSchema,userReviewDecisionSchema}from"@marketplace/shared";import{z}from"zod";const reviewSubmissionSchema=z.object({actorWallet:z.string().min(3),submissionId:z.string().min(1)});const hybridConfirmSchema=z.object({actorWallet:z.string().min(3),evaluationId:z.string().min(1),confirmDecision:z.enum(["approve","reject"]),feedback:z.string().max(500).nullable().optional()});const browserTraceSchema=z.object({createTxHash:z.string().min(1).nullable().optional(),fundTxHash:z.string().min(1).nullable().optional(),assignTxHash:z.string().min(1).nullable().optional()});function createTaskMarketRoutes(service,chainService){const router=express.Router();router.post("/tasks",(req,res)=>{try{const payload=taskCreateRequestSchema.parse(req.body);const result=service.createTask(payload);res.status(201).json(result)}catch(error){res.status(400).json({error:error instanceof Error?error.message:"Task creation failed"})}});router.post("/tasks/draft",(req,res)=>{try{const payload=taskCreateRequestSchema.parse(req.body);const result=service.createTaskDraft(payload);res.status(201).json(result)}catch(error){res.status(400).json({error:error instanceof Error?error.message:"Task draft creation failed"})}});router.post("/tasks/:taskId/browser-trace",(req,res)=>{try{const payload=browserTraceSchema.parse(req.body);res.json({task:service.recordBrowserTxTrace(req.params.taskId,payload)})}catch(error){res.status(400).json({error:error instanceof Error?error.message:"Browser trace capture failed"})}});router.get("/tasks",async(req,res)=>{try{const viewerWallet=typeof req.query.viewerWallet==="string"?req.query.viewerWallet:"";const list=service.listTasks(viewerWallet);if(chainService?.taskEscrowAddress){const pendingTaskIds=[...list.myPostedTasks,...list.activeTasks,...list.allOpenTasks].map(task=>task.taskId).filter((taskId,index,array)=>array.indexOf(taskId)===index);for(const taskId of pendingTaskIds){try{const task=service.getTask(taskId);if(!["pending_wallet","pending_chain"].includes(task.transactionState))continue;if(task.latestFundTxHash||task.latestAssignTxHash){try{const fundReceipt=task.latestFundTxHash?await chainService.getExternalReceipt(task.latestFundTxHash):null;const assignReceipt=task.latestAssignTxHash?await chainService.getExternalReceipt(task.latestAssignTxHash):null;const fundOk=chainService.isExternalReceiptSuccessful(fundReceipt);const assignOk=chainService.isExternalReceiptSuccessful(assignReceipt);if(fundOk||assignOk){service.reconcileTaskFromExternalReceipts(taskId,{fundingConfirmed:fundOk,assignmentConfirmed:assignOk});continue}}catch{}service.reconcileTaskFromCapturedTrace(taskId)}}catch{}}}res.json(service.listTasks(viewerWallet))}catch(error){res.status(400).json({error:error instanceof Error?error.message:"Task listing failed"})}});router.get("/tasks/:taskId",async(req,res)=>{try{if(chainService?.taskEscrowAddress){try{const task=service.getTask(req.params.taskId);if(["pending_wallet","pending_chain"].includes(task.transactionState)){if(task.latestFundTxHash||task.latestAssignTxHash){try{const fundReceipt=task.latestFundTxHash?await chainService.getExternalReceipt(task.latestFundTxHash):null;const assignReceipt=task.latestAssignTxHash?await chainService.getExternalReceipt(task.latestAssignTxHash):null;const fundOk=chainService.isExternalReceiptSuccessful(fundReceipt);const assignOk=chainService.isExternalReceiptSuccessful(assignReceipt);if(fundOk||assignOk){service.reconcileTaskFromExternalReceipts(req.params.taskId,{fundingConfirmed:fundOk,assignmentConfirmed:assignOk})}else{const onchainTask=await Promise.race([chainService.readTask(req.params.taskId),new Promise((_,reject)=>setTimeout(()=>reject(new Error("Onchain read timed out")),1500))]);service.reconcileTaskFromOnchain(req.params.taskId,onchainTask,`${chainService.taskEscrowAddress}:${req.params.taskId}`)}}catch{service.reconcileTaskFromCapturedTrace(req.params.taskId)}}else{service.reconcileTaskFromCapturedTrace(req.params.taskId)}}}catch{}}res.json(service.getTask(req.params.taskId))}catch(error){res.status(404).json({error:error instanceof Error?error.message:"Task not found"})}});router.post("/tasks/:taskId/accept",async(req,res)=>{try{const payload=taskActionRequestSchema.parse(req.body);res.json(await service.acceptTask(req.params.taskId,payload.actorWallet))}catch(error){res.status(400).json({error:error instanceof Error?error.message:"Accept failed"})}});router.post("/tasks/:taskId/approve",async(req,res)=>{try{const payload=taskActionRequestSchema.parse(req.body);res.json(await service.approveTask(req.params.taskId,payload.actorWallet))}catch(error){res.status(400).json({error:error instanceof Error?error.message:"Approve failed"})}});router.post("/tasks/:taskId/reject",async(req,res)=>{try{const payload=taskActionRequestSchema.parse(req.body);res.json(await service.rejectTask(req.params.taskId,payload.actorWallet))}catch(error){res.status(400).json({error:error instanceof Error?error.message:"Reject failed"})}});router.post("/tasks/:taskId/cancel",async(req,res)=>{try{const payload=taskActionRequestSchema.parse(req.body);res.json(await service.cancelTask(req.params.taskId,payload.actorWallet))}catch(error){res.status(400).json({error:error instanceof Error?error.message:"Cancel failed"})}});router.post("/tasks/:taskId/dispute",(_req,res)=>{res.status(410).json({error:"This endpoint moved. Use /api/settlements/tasks/:taskId/dispute."})});router.post("/tasks/:taskId/improve-again",async(req,res)=>{try{const payload=taskActionRequestSchema.parse(req.body);res.json(await service.requestImproveAgain(req.params.taskId,payload.actorWallet))}catch(error){res.status(400).json({error:error instanceof Error?error.message:"Improve Again failed"})}});router.post("/tasks/:taskId/appeal",async(req,res)=>{try{const payload=appealOpenRequestSchema.parse(req.body);res.json(await service.appealTask(req.params.taskId,payload.actorWallet,payload.reason))}catch(error){res.status(400).json({error:error instanceof Error?error.message:"Appeal failed"})}});router.post("/tasks/:taskId/settle",(_req,res)=>{res.status(410).json({error:"This endpoint moved. Use /api/settlements/tasks/:taskId/settle."})});router.post("/tasks/:taskId/refund",(_req,res)=>{res.status(410).json({error:"This endpoint moved. Use /api/settlements/tasks/:taskId/refund."})});router.post("/tasks/:taskId/review/user",async(req,res)=>{try{const review=userReviewDecisionSchema.parse(req.body);res.json(await service.reviewWithUser(req.params.taskId,review.submissionId,review))}catch(error){res.status(400).json({error:error instanceof Error?error.message:"User review failed"})}});router.post("/tasks/:taskId/review/assisted",async(req,res)=>{try{const payload=reviewSubmissionSchema.parse(req.body);res.json(await service.reviewAssisted(req.params.taskId,payload.actorWallet,payload.submissionId))}catch(error){res.status(400).json({error:error instanceof Error?error.message:"Assisted review failed"})}});router.post("/tasks/:taskId/review/hybrid",async(req,res)=>{try{const payload=reviewSubmissionSchema.parse(req.body);res.json(await service.reviewHybrid(req.params.taskId,payload.actorWallet,payload.submissionId))}catch(error){res.status(400).json({error:error instanceof Error?error.message:"Hybrid review failed"})}});router.post("/tasks/:taskId/review/hybrid/confirm",async(req,res)=>{try{const payload=hybridConfirmSchema.parse(req.body);res.json(await service.confirmHybrid(req.params.taskId,payload.actorWallet,payload.evaluationId,payload.confirmDecision,payload.feedback??null))}catch(error){res.status(400).json({error:error instanceof Error?error.message:"Hybrid confirmation failed"})}});return router}__name(createTaskMarketRoutes,"createTaskMarketRoutes");export{createTaskMarketRoutes};
                                                                                                                                                      ^^^^^^^^^^^^^^^^^^^^^^^
SyntaxError: The requested module '@marketplace/shared' does not provide an export named 'appealOpenRequestSchema'
    at ModuleJob._instantiate (node:internal/modules/esm/module_job:132:21)
    at async ModuleJob.run (node:internal/modules/esm/module_job:214:5)
    at async ModuleLoader.import (node:internal/modules/esm/loader:329:24)
    at async loadESM (node:internal/process/esm_loader:28:7)
    at async handleMainPromise (node:internal/modules/run_main:113:12)

Node.js v20.11.0
file:///C:/Users/dtwof/Desktop/genlayer/New%20folder/apps/router/src/routes/taskMarketRoutes.ts:1
var __defProp=Object.defineProperty;var __name=(target,value)=>__defProp(target,"name",{value,configurable:true});import express from"express";import{appealOpenRequestSchema,taskActionRequestSchema,taskCreateRequestSchema,userReviewDecisionSchema}from"@marketplace/shared";import{z}from"zod";const reviewSubmissionSchema=z.object({actorWallet:z.string().min(3),submissionId:z.string().min(1)});const hybridConfirmSchema=z.object({actorWallet:z.string().min(3),evaluationId:z.string().min(1),confirmDecision:z.enum(["approve","reject"]),feedback:z.string().max(500).nullable().optional()});const browserTraceSchema=z.object({createTxHash:z.string().min(1).nullable().optional(),fundTxHash:z.string().min(1).nullable().optional(),assignTxHash:z.string().min(1).nullable().optional()});function createTaskMarketRoutes(service,chainService){const router=express.Router();router.post("/tasks",(req,res)=>{try{const payload=taskCreateRequestSchema.parse(req.body);const result=service.createTask(payload);res.status(201).json(result)}catch(error){res.status(400).json({error:error instanceof Error?error.message:"Task creation failed"})}});router.post("/tasks/draft",(req,res)=>{try{const payload=taskCreateRequestSchema.parse(req.body);const result=service.createTaskDraft(payload);res.status(201).json(result)}catch(error){res.status(400).json({error:error instanceof Error?error.message:"Task draft creation failed"})}});router.post("/tasks/:taskId/browser-trace",(req,res)=>{try{const payload=browserTraceSchema.parse(req.body);res.json({task:service.recordBrowserTxTrace(req.params.taskId,payload)})}catch(error){res.status(400).json({error:error instanceof Error?error.message:"Browser trace capture failed"})}});router.get("/tasks",async(req,res)=>{try{const viewerWallet=typeof req.query.viewerWallet==="string"?req.query.viewerWallet:"";const list=service.listTasks(viewerWallet);if(chainService?.taskEscrowAddress){const pendingTaskIds=[...list.myPostedTasks,...list.activeTasks,...list.allOpenTasks].map(task=>task.taskId).filter((taskId,index,array)=>array.indexOf(taskId)===index);for(const taskId of pendingTaskIds){try{const task=service.getTask(taskId);if(!["pending_wallet","pending_chain"].includes(task.transactionState))continue;if(task.latestFundTxHash||task.latestAssignTxHash){try{const fundReceipt=task.latestFundTxHash?await chainService.getExternalReceipt(task.latestFundTxHash):null;const assignReceipt=task.latestAssignTxHash?await chainService.getExternalReceipt(task.latestAssignTxHash):null;const fundOk=chainService.isExternalReceiptSuccessful(fundReceipt);const assignOk=chainService.isExternalReceiptSuccessful(assignReceipt);if(fundOk||assignOk){service.reconcileTaskFromExternalReceipts(taskId,{fundingConfirmed:fundOk,assignmentConfirmed:assignOk});continue}}catch{}service.reconcileTaskFromCapturedTrace(taskId)}}catch{}}}res.json(service.listTasks(viewerWallet))}catch(error){res.status(400).json({error:error instanceof Error?error.message:"Task listing failed"})}});router.get("/tasks/:taskId",async(req,res)=>{try{if(chainService?.taskEscrowAddress){try{const task=service.getTask(req.params.taskId);if(["pending_wallet","pending_chain"].includes(task.transactionState)){if(task.latestFundTxHash||task.latestAssignTxHash){try{const fundReceipt=task.latestFundTxHash?await chainService.getExternalReceipt(task.latestFundTxHash):null;const assignReceipt=task.latestAssignTxHash?await chainService.getExternalReceipt(task.latestAssignTxHash):null;const fundOk=chainService.isExternalReceiptSuccessful(fundReceipt);const assignOk=chainService.isExternalReceiptSuccessful(assignReceipt);if(fundOk||assignOk){service.reconcileTaskFromExternalReceipts(req.params.taskId,{fundingConfirmed:fundOk,assignmentConfirmed:assignOk})}else{const onchainTask=await Promise.race([chainService.readTask(req.params.taskId),new Promise((_,reject)=>setTimeout(()=>reject(new Error("Onchain read timed out")),1500))]);service.reconcileTaskFromOnchain(req.params.taskId,onchainTask,`${chainService.taskEscrowAddress}:${req.params.taskId}`)}}catch{service.reconcileTaskFromCapturedTrace(req.params.taskId)}}else{service.reconcileTaskFromCapturedTrace(req.params.taskId)}}}catch{}}res.json(service.getTask(req.params.taskId))}catch(error){res.status(404).json({error:error instanceof Error?error.message:"Task not found"})}});router.post("/tasks/:taskId/accept",async(req,res)=>{try{const payload=taskActionRequestSchema.parse(req.body);res.json(await service.acceptTask(req.params.taskId,payload.actorWallet))}catch(error){res.status(400).json({error:error instanceof Error?error.message:"Accept failed"})}});router.post("/tasks/:taskId/approve",async(req,res)=>{try{const payload=taskActionRequestSchema.parse(req.body);res.json(await service.approveTask(req.params.taskId,payload.actorWallet))}catch(error){res.status(400).json({error:error instanceof Error?error.message:"Approve failed"})}});router.post("/tasks/:taskId/reject",async(req,res)=>{try{const payload=taskActionRequestSchema.parse(req.body);res.json(await service.rejectTask(req.params.taskId,payload.actorWallet))}catch(error){res.status(400).json({error:error instanceof Error?error.message:"Reject failed"})}});router.post("/tasks/:taskId/cancel",async(req,res)=>{try{const payload=taskActionRequestSchema.parse(req.body);res.json(await service.cancelTask(req.params.taskId,payload.actorWallet))}catch(error){res.status(400).json({error:error instanceof Error?error.message:"Cancel failed"})}});router.post("/tasks/:taskId/dispute",(_req,res)=>{res.status(410).json({error:"This endpoint moved. Use /api/settlements/tasks/:taskId/dispute."})});router.post("/tasks/:taskId/improve-again",async(req,res)=>{try{const payload=taskActionRequestSchema.parse(req.body);res.json(await service.requestImproveAgain(req.params.taskId,payload.actorWallet))}catch(error){res.status(400).json({error:error instanceof Error?error.message:"Improve Again failed"})}});router.post("/tasks/:taskId/appeal",async(req,res)=>{try{const payload=appealOpenRequestSchema.parse(req.body);res.json(await service.appealTask(req.params.taskId,payload.actorWallet,payload.reason))}catch(error){res.status(400).json({error:error instanceof Error?error.message:"Appeal failed"})}});router.post("/tasks/:taskId/settle",(_req,res)=>{res.status(410).json({error:"This endpoint moved. Use /api/settlements/tasks/:taskId/settle."})});router.post("/tasks/:taskId/refund",(_req,res)=>{res.status(410).json({error:"This endpoint moved. Use /api/settlements/tasks/:taskId/refund."})});router.post("/tasks/:taskId/review/user",async(req,res)=>{try{const review=userReviewDecisionSchema.parse(req.body);res.json(await service.reviewWithUser(req.params.taskId,review.submissionId,review))}catch(error){res.status(400).json({error:error instanceof Error?error.message:"User review failed"})}});router.post("/tasks/:taskId/review/assisted",async(req,res)=>{try{const payload=reviewSubmissionSchema.parse(req.body);res.json(await service.reviewAssisted(req.params.taskId,payload.actorWallet,payload.submissionId))}catch(error){res.status(400).json({error:error instanceof Error?error.message:"Assisted review failed"})}});router.post("/tasks/:taskId/review/hybrid",async(req,res)=>{try{const payload=reviewSubmissionSchema.parse(req.body);res.json(await service.reviewHybrid(req.params.taskId,payload.actorWallet,payload.submissionId))}catch(error){res.status(400).json({error:error instanceof Error?error.message:"Hybrid review failed"})}});router.post("/tasks/:taskId/review/hybrid/confirm",async(req,res)=>{try{const payload=hybridConfirmSchema.parse(req.body);res.json(await service.confirmHybrid(req.params.taskId,payload.actorWallet,payload.evaluationId,payload.confirmDecision,payload.feedback??null))}catch(error){res.status(400).json({error:error instanceof Error?error.message:"Hybrid confirmation failed"})}});return router}__name(createTaskMarketRoutes,"createTaskMarketRoutes");export{createTaskMarketRoutes};
                                                                                                                                                      ^^^^^^^^^^^^^^^^^^^^^^^
SyntaxError: The requested module '@marketplace/shared' does not provide an export named 'appealOpenRequestSchema'
    at ModuleJob._instantiate (node:internal/modules/esm/module_job:132:21)
    at async ModuleJob.run (node:internal/modules/esm/module_job:214:5)
    at async ModuleLoader.import (node:internal/modules/esm/loader:329:24)
    at async loadESM (node:internal/process/esm_loader:28:7)
    at async handleMainPromise (node:internal/modules/run_main:113:12)

Node.js v20.11.0
