
> genlayer-agent-marketplace@0.1.0 dev:router
> npm --workspace apps/router run dev


> router@0.1.0 dev
> tsx watch src/server.ts

router listening on 4020
platform agents ready (0xadmin001)
18:57:37 [tsx] change in ./src\services\taskMarketService.ts Restarting...
crouter listening on 4020
platform agents ready (0xadmin001)
19:56:47 [tsx] change in ./src\services\taskMarketService.ts Restarting...
crouter listening on 4020
platform agents ready (0xadmin001)
19:57:11 [tsx] change in ./src\server.ts Restarting...
crouter listening on 4020
platform agents ready (0xadmin001)
20:01:22 [tsx] change in ./src\services\genLayerChainService.ts Restarting...
crouter listening on 4020
platform agents ready (0xadmin001)
20:08:24 [tsx] change in ./src\routes\taskMarketRoutes.ts Restarting...
crouter listening on 4020
platform agents ready (0xadmin001)
20:46:29 [tsx] change in ./src\routes\taskMarketRoutes.ts Restarting...
crouter listening on 4020
platform agents ready (0xadmin001)
{"scope":"execution","level":"info","event":"execution.platform_started","runId":"run_52fdcf51d7d5abb0","taskId":"task_6aba20e86ff20845","agentId":"platform_signal_forge","message":"Built-in platform agent execution started","metadata":{}}
{"scope":"execution","level":"info","event":"execution.platform_completed","runId":"run_52fdcf51d7d5abb0","taskId":"task_6aba20e86ff20845","agentId":"platform_signal_forge","message":"Built-in platform agent finished execution","metadata":{"latencyMs":11000}}
{"scope":"execution","level":"info","event":"execution.platform_started","runId":"run_cf4fffee93937a9f","taskId":"task_cef0fabe6f798143","agentId":"platform_tableminer","message":"Built-in platform agent execution started","metadata":{}}
{"scope":"execution","level":"info","event":"execution.platform_completed","runId":"run_cf4fffee93937a9f","taskId":"task_cef0fabe6f798143","agentId":"platform_tableminer","message":"Built-in platform agent finished execution","metadata":{"latencyMs":8350}}
{"scope":"settlement","event":"settlement.paid","taskId":"task_cef0fabe6f798143","actorWallet":"0x85dcc174de5e785cda3069154d097172f1b39aaa","grossReward":1,"platformFee":0.03,"agentPayout":0.97,"payoutWallet":"0xadmin001","platformFeeWallet":null}
{"scope":"execution","level":"info","event":"execution.platform_started","runId":"run_dea5f78b22f86504","taskId":"task_0f24c3757b309055","agentId":"platform_tableminer","message":"Built-in platform agent execution started","metadata":{}}
{"scope":"execution","level":"info","event":"execution.platform_completed","runId":"run_dea5f78b22f86504","taskId":"task_0f24c3757b309055","agentId":"platform_tableminer","message":"Built-in platform agent finished execution","metadata":{"latencyMs":8350}}
{"scope":"execution","level":"info","event":"execution.platform_started","runId":"run_23c80218c24c1ac7","taskId":"task_c98d23ef870a7d15","agentId":"platform_clauselens","message":"Built-in platform agent execution started","metadata":{}}
{"scope":"execution","level":"info","event":"execution.platform_completed","runId":"run_23c80218c24c1ac7","taskId":"task_c98d23ef870a7d15","agentId":"platform_clauselens","message":"Built-in platform agent finished execution","metadata":{"latencyMs":10100}}
22:31:34 [tsx] change in ./src\server.ts Restarting...
crouter listening on 4020
platform agents ready (0xadmin001)
22:31:41 [tsx] change in ./src\services\executionDispatcher.ts Restarting...
crouter listening on 4020
platform agents ready (0xadmin001)
22:31:48 [tsx] change in ./src\services\executionEngine.ts Restarting...
crouter listening on 4020
platform agents ready (0xadmin001)
22:32:15 [tsx] change in ./src\seed\seedMarketplace.ts Restarting...
crouter listening on 4020
platform agents ready (0xadmin001)
22:33:03 [tsx] change in ./src\seed\seedMarketplace.ts Restarting...
crouter listening on 4020
platform agents ready (0xadmin001)
23:55:20 [tsx] change in ./src\services\evaluatorClient.ts Restarting...
crouter listening on 4020
platform agents ready (0xadmin001)
23:57:19 [tsx] change in ./src\services\taskMarketService.ts Restarting...
crouter listening on 4020
platform agents ready (0xadmin001)
23:57:29 [tsx] change in ./src\routes\taskMarketRoutes.ts Restarting...
c23:57:40 [tsx] change in ./src\services\settlementService.ts Rerunning...
c00:00:06 [tsx] change in ./src\services\taskMarketService.ts Rerunning...
c00:01:42 [tsx] change in ./..\..\packages\shared\dist\schemas.js Rerunning...
c00:01:42 [tsx] change in ./..\..\packages\shared\dist\api.js Restarting...
c00:01:42 [tsx] change in ./..\..\packages\shared\dist\api.js Restarting...
c00:01:43 [tsx] change in ./..\..\packages\shared\dist\index.js Restarting...
c00:01:44 [tsx] change in ./..\..\packages\shared\dist\enums.js Restarting...
c00:01:45 [tsx] change in ./..\..\packages\shared\dist\schemas.js Restarting...
crouter listening on 4020
platform agents ready (0xadmin001)
00:02:27 [tsx] change in ./..\..\packages\shared\dist\api.js Restarting...
c00:02:28 [tsx] change in ./..\..\packages\shared\dist\index.js Restarting...
crouter listening on 4020
platform agents ready (0xadmin001)
00:03:49 [tsx] change in ./src\services\taskMarketService.ts Restarting...
crouter listening on 4020
platform agents ready (0xadmin001)
00:04:02 [tsx] change in ./src\seed\seedMarketplace.ts Restarting...
crouter listening on 4020
platform agents ready (0xadmin001)
00:06:53 [tsx] change in ./..\..\packages\shared\dist\schemas.js Restarting...
c00:06:53 [tsx] change in ./..\..\packages\shared\dist\api.js Restarting...
c00:06:53 [tsx] change in ./..\..\packages\shared\dist\api.js Restarting...
c00:06:54 [tsx] change in ./..\..\packages\shared\dist\index.js Restarting...
c00:06:54 [tsx] change in ./..\..\packages\shared\dist\helpers.js Restarting...
crouter listening on 4020
platform agents ready (0xadmin001)
00:08:04 [tsx] change in ./src\services\genLayerChainService.ts Restarting...
crouter listening on 4020
platform agents ready (0xadmin001)
00:08:18 [tsx] change in ./src\services\taskMarketService.ts Restarting...
crouter listening on 4020
platform agents ready (0xadmin001)
00:08:31 [tsx] change in ./src\services\taskMarketService.ts Restarting...
crouter listening on 4020
platform agents ready (0xadmin001)
00:08:44 [tsx] change in ./src\server.ts Restarting...
crouter listening on 4020
platform agents ready (0xadmin001)
00:31:01 [tsx] change in ./src\services\taskMarketService.ts Restarting...
crouter listening on 4020
platform agents ready (0xadmin001)
00:31:55 [tsx] change in ./src\services\taskMarketService.ts Restarting...
crouter listening on 4020
platform agents ready (0xadmin001)
13:00:44 [tsx] change in ./src\routes\taskMarketRoutes.ts Restarting...
c13:00:45 [tsx] change in ./..\..\packages\shared\dist\schemas.js Restarting...
crouter listening on 4020
platform agents ready (0xadmin001)
